[2026-05-07 08:35:56] [/pet-spa/login.php] [Usuario:GUEST] [Rol:GUEST] [IP:::1] LOGIN_FALLIDO - Usuario no existe: admin@groomingspa.com
[2026-05-07 08:36:38] [/pet-spa/login.php] [Usuario:1] [Rol:admin] [IP:::1] LOGIN_EXITOSO - Inicio de sesión exitoso
[2026-05-07 08:37:35] [/pet-spa/logout.php] [Usuario:1] [Rol:admin] [IP:::1] LOGOUT - Cierre de sesión
[2026-05-07 09:23:58] [/pet-spa/login.php] [Usuario:GUEST] [Rol:GUEST] [IP:::1] LOGIN_FALLIDO - Usuario no existe: admin@groomingspa.com
[2026-05-07 09:24:10] [/pet-spa/login.php] [Usuario:1] [Rol:admin] [IP:::1] LOGIN_FALLIDO - Contraseña incorrecta
[2026-05-07 09:24:17] [/pet-spa/login.php] [Usuario:1] [Rol:admin] [IP:::1] LOGIN_EXITOSO - Inicio de sesión exitoso
[2026-05-07 09:37:31] [/pet-spa/logout.php] [Usuario:1] [Rol:admin] [IP:::1] LOGOUT - Cierre de sesión
[2026-05-07 09:41:59] [/pet-spa/login.php] [Usuario:1] [Rol:admin] [IP:::1] LOGIN_EXITOSO - Inicio de sesión exitoso
[2026-05-07 10:03:40] [/pet-spa/admin/users_create.php] [Usuario:1] [Rol:admin] [IP:::1] USUARIO_CREADO - Creó usuario: juanomar795@gmail.com (Rol: groomer)
[2026-05-07 10:19:30] [/pet-spa/admin/users_create.php] [Usuario:1] [Rol:admin] [IP:::1] USUARIO_CREADO - Creó usuario: juanOmar795@gmail.com (Rol: groomer)
[2026-05-07 10:45:20] [/pet-spa/admin/users_create.php] [Usuario:1] [Rol:admin] [IP:::1] USUARIO_CREADO - Creó usuario: juanOmar795@gmail.com
[2026-05-07 11:12:33] [/pet-spa/logout.php] [Usuario:1] [Rol:admin] [IP:::1] LOGOUT - Cierre de sesión
[2026-05-07 11:16:14] [/pet-spa/login.php] [Usuario:1] [Rol:admin] [IP:::1] LOGIN_EXITOSO - Inicio de sesión exitoso
[2026-05-07 11:17:00] [/pet-spa/admin/users_create.php] [Usuario:1] [Rol:admin] [IP:::1] USUARIO_CREADO - Creó usuario: juanOmar795@gmail.com
[2026-05-07 11:24:01] [/pet-spa/admin/users_create.php] [Usuario:1] [Rol:admin] [IP:::1] USUARIO_CREADO - Creó usuario: juanOmar795@gmail.com (rol_id: 3)
[2026-05-07 11:29:56] [/pet-spa/admin/users_create.php] [Usuario:1] [Rol:admin] [IP:::1] USUARIO_CREADO - Creó usuario: juanOmar795@gmail.com (rol_id: 3)
[2026-05-07 11:30:34] [/pet-spa/logout.php] [Usuario:1] [Rol:admin] [IP:::1] LOGOUT - Cierre de sesión
[2026-05-07 11:31:09] [/pet-spa/login.php] [Usuario:10] [Rol:groomer] [IP:::1] LOGIN_EXITOSO - Inicio de sesión exitoso
[2026-05-07 11:48:31] [/pet-spa/logout.php] [Usuario:10] [Rol:groomer] [IP:::1] LOGOUT - Cierre de sesión
[2026-05-07 11:49:39] [/pet-spa/login.php] [Usuario:1] [Rol:admin] [IP:::1] LOGIN_EXITOSO - Inicio de sesión exitoso
[2026-05-07 11:50:16] [/pet-spa/admin/users_create.php] [Usuario:1] [Rol:admin] [IP:::1] USUARIO_CREADO - Creó usuario: juanOmar795@gmail.com (rol_id: 3)
[2026-05-07 11:51:50] [/pet-spa/logout.php] [Usuario:1] [Rol:admin] [IP:::1] LOGOUT - Cierre de sesión
[2026-05-07 11:55:57] [/pet-spa/login.php] [Usuario:1] [Rol:admin] [IP:::1] LOGIN_EXITOSO - Inicio de sesión exitoso
[2026-05-07 11:56:27] [/pet-spa/admin/users_create.php] [Usuario:1] [Rol:admin] [IP:::1] USUARIO_CREADO - Creó usuario: juanOmar795@gmail.com (rol_id: 3)
[2026-05-07 11:57:00] [/pet-spa/logout.php] [Usuario:1] [Rol:admin] [IP:::1] LOGOUT - Cierre de sesión
[2026-05-07 11:57:14] [/pet-spa/login.php] [Usuario:12] [Rol:groomer] [IP:::1] LOGIN_EXITOSO - Inicio de sesión exitoso
[2026-05-07 11:57:42] [/pet-spa/cambiar_password.php] [Usuario:12] [Rol:groomer] [IP:::1] PASSWORD_CAMBIADA - Usuario cambió su contraseña
[2026-05-07 11:57:50] [/pet-spa/logout.php] [Usuario:12] [Rol:groomer] [IP:::1] LOGOUT - Cierre de sesión
[2026-05-07 11:58:04] [/pet-spa/login.php] [Usuario:12] [Rol:groomer] [IP:::1] LOGIN_EXITOSO - Inicio de sesión exitoso
[2026-05-07 12:08:35] [/pet-spa/logout.php] [Usuario:12] [Rol:groomer] [IP:::1] LOGOUT - Cierre de sesión
[2026-05-07 12:09:02] [/pet-spa/login.php] [Usuario:5] [Rol:cliente] [IP:::1] LOGIN_EXITOSO - Inicio de sesión exitoso
[2026-05-07 12:09:21] [/pet-spa/logout.php] [Usuario:5] [Rol:cliente] [IP:::1] LOGOUT - Cierre de sesión
[2026-05-07 12:10:29] [/pet-spa/register.php] [Usuario:GUEST] [Rol:GUEST] [IP:::1] REGISTRO_CLIENTE - Nuevo cliente registrado: cliente5@gamai.com
[2026-05-07 12:52:58] [/pet-spa/register.php] [Usuario:GUEST] [Rol:GUEST] [IP:::1] REGISTRO_CLIENTE - Nuevo cliente registrado: juanOmar795@gmail.com
[2026-05-07 13:03:12] [/pet-spa/register.php] [Usuario:GUEST] [Rol:GUEST] [IP:::1] REGISTRO_CLIENTE - Nuevo cliente registrado: juanOmar795@gmail.com
[2026-05-07 14:44:56] [/pet-spa/register.php] [Usuario:GUEST] [Rol:GUEST] [IP:::1] REGISTRO_CLIENTE - Nuevo cliente registrado: juanOmar795@gmail.com
[2026-05-07 15:20:10] [/pet-spa/register.php] [Usuario:GUEST] [Rol:GUEST] [IP:::1] REGISTRO_CLIENTE - Nuevo cliente registrado: omarlimachi473@gmail.com
[2026-05-07 15:22:11] [/pet-spa/login.php] [Usuario:17] [Rol:cliente] [IP:::1] LOGIN_EXITOSO - Inicio de sesión exitoso
[2026-05-07 15:23:52] [/pet-spa/logout.php] [Usuario:17] [Rol:cliente] [IP:::1] LOGOUT - Cierre de sesión
[2026-05-07 15:39:13] [/pet-spa/login.php] [Usuario:2] [Rol:recepcion] [IP:::1] LOGIN_EXITOSO - Inicio de sesión exitoso
[2026-05-07 15:39:39] [/pet-spa/logout.php] [Usuario:2] [Rol:recepcion] [IP:::1] LOGOUT - Cierre de sesión
[2026-05-07 15:40:21] [/pet-spa/login.php] [Usuario:1] [Rol:admin] [IP:::1] LOGIN_EXITOSO - Inicio de sesión exitoso
[2026-05-07 15:46:21] [/pet-spa/admin/users_create.php] [Usuario:1] [Rol:admin] [IP:::1] USUARIO_CREADO - Creó usuario: omarlimachi437@gmail.com (rol_id: 3)
[2026-05-07 15:46:39] [/pet-spa/logout.php] [Usuario:1] [Rol:admin] [IP:::1] LOGOUT - Cierre de sesión
[2026-05-07 15:47:02] [/pet-spa/login.php] [Usuario:18] [Rol:groomer] [IP:::1] LOGIN_EXITOSO - Inicio de sesión exitoso
[2026-05-07 15:47:23] [/pet-spa/logout.php] [Usuario:18] [Rol:groomer] [IP:::1] LOGOUT - Cierre de sesión
[2026-05-07 15:47:40] [/pet-spa/login.php] [Usuario:18] [Rol:groomer] [IP:::1] LOGIN_EXITOSO - Inicio de sesión exitoso
[2026-05-07 15:48:06] [/pet-spa/cambiar_password.php] [Usuario:18] [Rol:groomer] [IP:::1] PASSWORD_CAMBIADA - Usuario cambió su contraseña
[2026-05-07 15:48:14] [/pet-spa/logout.php] [Usuario:18] [Rol:groomer] [IP:::1] LOGOUT - Cierre de sesión
[2026-05-07 15:48:26] [/pet-spa/login.php] [Usuario:18] [Rol:groomer] [IP:::1] LOGIN_EXITOSO - Inicio de sesión exitoso
[2026-05-07 15:49:00] [/pet-spa/logout.php] [Usuario:18] [Rol:groomer] [IP:::1] LOGOUT - Cierre de sesión
[2026-05-07 15:49:12] [/pet-spa/login.php] [Usuario:1] [Rol:admin] [IP:::1] LOGIN_EXITOSO - Inicio de sesión exitoso
[2026-05-07 16:00:00] [/pet-spa/admin/users_create.php] [Usuario:1] [Rol:admin] [IP:::1] USUARIO_CREADO - Creó usuario: baadads@gmail.com (rol_id: 3)
[2026-05-07 16:01:41] [/pet-spa/logout.php] [Usuario:1] [Rol:admin] [IP:::1] LOGOUT - Cierre de sesión
[2026-05-07 16:02:59] [/pet-spa/login.php] [Usuario:18] [Rol:groomer] [IP:::1] LOGIN_EXITOSO - Inicio de sesión exitoso
[2026-05-07 16:03:14] [/pet-spa/logout.php] [Usuario:18] [Rol:groomer] [IP:::1] LOGOUT - Cierre de sesión
[2026-05-07 22:46:51] [/pet-spa/login.php] [Usuario:1] [Rol:admin] [IP:::1] LOGIN_EXITOSO - Inicio de sesión exitoso
[2026-05-07 22:47:57] [/pet-spa/logout.php] [Usuario:1] [Rol:admin] [IP:::1] LOGOUT - Cierre de sesión
[2026-05-07 22:49:53] [/pet-spa/register.php] [Usuario:GUEST] [Rol:GUEST] [IP:::1] REGISTRO_CLIENTE - Nuevo cliente registrado: omarlimachi473@gmail.com
[2026-05-07 23:01:21] [/pet-spa/register.php] [Usuario:GUEST] [Rol:GUEST] [IP:::1] REGISTRO_CLIENTE - Nuevo cliente registrado: omarlimachi473@gmail.com
[2026-05-07 23:02:18] [/pet-spa/login.php] [Usuario:21] [Rol:cliente] [IP:::1] LOGIN_EXITOSO - Inicio de sesión exitoso
[2026-05-07 23:02:50] [/pet-spa/logout.php] [Usuario:21] [Rol:cliente] [IP:::1] LOGOUT - Cierre de sesión
[2026-05-07 23:03:34] [/pet-spa/login.php] [Usuario:1] [Rol:admin] [IP:::1] LOGIN_EXITOSO - Inicio de sesión exitoso
[2026-05-07 23:05:45] [/pet-spa/admin/users_create.php] [Usuario:1] [Rol:admin] [IP:::1] USUARIO_CREADO - Creó usuario: omarlimachi437@gamil.com (rol_id: 3)
[2026-05-07 23:09:52] [/pet-spa/logout.php] [Usuario:1] [Rol:admin] [IP:::1] LOGOUT - Cierre de sesión
[2026-05-07 23:10:30] [/pet-spa/login.php] [Usuario:22] [Rol:groomer] [IP:::1] LOGIN_FALLIDO - Contraseña incorrecta
[2026-05-07 23:10:35] [/pet-spa/login.php] [Usuario:22] [Rol:groomer] [IP:::1] LOGIN_FALLIDO - Contraseña incorrecta
[2026-05-07 23:10:38] [/pet-spa/login.php] [Usuario:22] [Rol:groomer] [IP:::1] LOGIN_FALLIDO - Contraseña incorrecta
[2026-05-07 23:10:42] [/pet-spa/login.php] [Usuario:22] [Rol:groomer] [IP:::1] LOGIN_FALLIDO - Contraseña incorrecta
